Build started: 2026-10-01 18:11:58 UTC
geoip.dat size: 35501516 bytes
---
go: downloading go1.24.0 (linux/amd64)
WARN: priority 1 is shared by [AE AF AG AI AL AM AO AQ AR AS AT AU AW AX AZ BA BB BD BE BF BG BH BI BJ BL BM BN BO BQ BR BS BT BV BW BY BZ CA CC CD CF CG CH CI CK CL CM CO CR CU CV CW CX CY CZ DE DJ DK DM DO DZ EC EE EG EH ER ES ET FI FJ FK FM FO FR GA GB GD GE GF GG GH GI GL GM GN GP GQ GR GS GT GU GW GY HK HM HN HR HT HU ID IE IL IM IN IO IQ IR IS IT JE JM JO JP KE KG KH KI KM KN KP KR KW KY KZ LA LB LC LI LK LR LS LT LU LV LY MA MC MD ME MF MG MH MK ML MM MN MO MP MQ MR MS MT MU MV MW MX MY MZ NA NC NE NF NG NI NL NO NP NR NU NZ OM PA PE PF PG PH PK PL PM PN PR PS PT PW PY QA RE RO RS RU RW SA SB SC SD SE SG SH SI SJ SK SL SM SN SO SR SS ST SV SX SY SZ TC TD TF TG TH TJ TK TL TM TN TO TR TT TV TW TZ UA UG UM US UY UZ VA VC VE VG VI VN VU WF WS XK YE YT ZA ZM ZW ZZ] — alphabetically first (AE) will win on conflict
--- Export plan (ascending priority, highest wins) ---
  [priority=  1] tag=ZZ                        inserted=5 skipped=0
  [priority=  1] tag=ZW                        inserted=443 skipped=0
  [priority=  1] tag=ZM                        inserted=347 skipped=0
  [priority=  1] tag=ZA                        inserted=8764 skipped=0
  [priority=  1] tag=YT                        inserted=147 skipped=0
  [priority=  1] tag=YE                        inserted=247 skipped=0
  [priority=  1] tag=XK                        inserted=232 skipped=0
  [priority=  1] tag=WS                        inserted=162 skipped=0
  [priority=  1] tag=WF                        inserted=105 skipped=0
  [priority=  1] tag=VU                        inserted=329 skipped=0
  [priority=  1] tag=VN                        inserted=4049 skipped=0
  [priority=  1] tag=VI                        inserted=381 skipped=0
  [priority=  1] tag=VG                        inserted=686 skipped=0
  [priority=  1] tag=VE                        inserted=1925 skipped=0
  [priority=  1] tag=VC                        inserted=179 skipped=0
  [priority=  1] tag=VA                        inserted=210 skipped=0
  [priority=  1] tag=UZ                        inserted=871 skipped=0
  [priority=  1] tag=UY                        inserted=530 skipped=0
  [priority=  1] tag=US                        inserted=281263 skipped=0
  [priority=  1] tag=UM                        inserted=97 skipped=0
  [priority=  1] tag=UG                        inserted=447 skipped=0
  [priority=  1] tag=UA                        inserted=8723 skipped=0
  [priority=  1] tag=TZ                        inserted=696 skipped=0
  [priority=  1] tag=TW                        inserted=5829 skipped=0
  [priority=  1] tag=TV                        inserted=160 skipped=0
  [priority=  1] tag=TT                        inserted=341 skipped=0
  [priority=  1] tag=TR                        inserted=7077 skipped=0
  [priority=  1] tag=TO                        inserted=145 skipped=0
  [priority=  1] tag=TN                        inserted=346 skipped=0
  [priority=  1] tag=TM                        inserted=192 skipped=0
  [priority=  1] tag=TL                        inserted=199 skipped=0
  [priority=  1] tag=TK                        inserted=123 skipped=0
  [priority=  1] tag=TJ                        inserted=326 skipped=0
  [priority=  1] tag=TH                        inserted=4606 skipped=0
  [priority=  1] tag=TG                        inserted=176 skipped=0
  [priority=  1] tag=TF                        inserted=39 skipped=0
  [priority=  1] tag=TD                        inserted=191 skipped=0
  [priority=  1] tag=TC                        inserted=145 skipped=0
  [priority=  1] tag=SZ                        inserted=184 skipped=0
  [priority=  1] tag=SY                        inserted=500 skipped=0
  [priority=  1] tag=SX                        inserted=124 skipped=0
  [priority=  1] tag=SV                        inserted=551 skipped=0
  [priority=  1] tag=ST                        inserted=148 skipped=0
  [priority=  1] tag=SS                        inserted=219 skipped=0
  [priority=  1] tag=SR                        inserted=205 skipped=0
  [priority=  1] tag=SO                        inserted=255 skipped=0
  [priority=  1] tag=SN                        inserted=284 skipped=0
  [priority=  1] tag=SM                        inserted=180 skipped=0
  [priority=  1] tag=SL                        inserted=228 skipped=0
  [priority=  1] tag=SK                        inserted=2064 skipped=0
  [priority=  1] tag=SJ                        inserted=61 skipped=0
  [priority=  1] tag=SI                        inserted=1646 skipped=0
  [priority=  1] tag=SH                        inserted=79 skipped=0
  [priority=  1] tag=SG                        inserted=21530 skipped=0
  [priority=  1] tag=SE                        inserted=14145 skipped=0
  [priority=  1] tag=SD                        inserted=229 skipped=0
  [priority=  1] tag=SC                        inserted=5085 skipped=0
  [priority=  1] tag=SB                        inserted=164 skipped=0
  [priority=  1] tag=SA                        inserted=2903 skipped=0
  [priority=  1] tag=RW                        inserted=265 skipped=0
  [priority=  1] tag=RU                        inserted=27846 skipped=0
  [priority=  1] tag=RS                        inserted=1501 skipped=0
  [priority=  1] tag=RO                        inserted=6172 skipped=0
  [priority=  1] tag=RE                        inserted=411 skipped=0
  [priority=  1] tag=QA                        inserted=813 skipped=0
  [priority=  1] tag=PY                        inserted=767 skipped=0
  [priority=  1] tag=PW                        inserted=140 skipped=0
  [priority=  1] tag=PT                        inserted=4039 skipped=0
  [priority=  1] tag=PS                        inserted=673 skipped=0
  [priority=  1] tag=PR                        inserted=1950 skipped=0
  [priority=  1] tag=PN                        inserted=47 skipped=0
  [priority=  1] tag=PM                        inserted=144 skipped=0
  [priority=  1] tag=PL                        inserted=17977 skipped=0
  [priority=  1] tag=PK                        inserted=2213 skipped=0
  [priority=  1] tag=PH                        inserted=3876 skipped=0
  [priority=  1] tag=PG                        inserted=443 skipped=0
  [priority=  1] tag=PF                        inserted=302 skipped=0
  [priority=  1] tag=PE                        inserted=2392 skipped=0
  [priority=  1] tag=PA                        inserted=1375 skipped=0
  [priority=  1] tag=OM                        inserted=800 skipped=0
  [priority=  1] tag=NZ                        inserted=5003 skipped=0
  [priority=  1] tag=NU                        inserted=117 skipped=0
  [priority=  1] tag=NR                        inserted=134 skipped=0
  [priority=  1] tag=NP                        inserted=832 skipped=0
  [priority=  1] tag=NO                        inserted=5127 skipped=0
  [priority=  1] tag=NL                        inserted=176293 skipped=0
  [priority=  1] tag=NI                        inserted=346 skipped=0
  [priority=  1] tag=NG                        inserted=1842 skipped=0
  [priority=  1] tag=NF                        inserted=121 skipped=0
  [priority=  1] tag=NE                        inserted=213 skipped=0
  [priority=  1] tag=NC                        inserted=215 skipped=0
  [priority=  1] tag=NA                        inserted=364 skipped=0
  [priority=  1] tag=MZ                        inserted=344 skipped=0
  [priority=  1] tag=MY                        inserted=4591 skipped=0
  [priority=  1] tag=MX                        inserted=7412 skipped=0
  [priority=  1] tag=MW                        inserted=262 skipped=0
  [priority=  1] tag=MV                        inserted=276 skipped=0
  [priority=  1] tag=MU                        inserted=9705 skipped=0
  [priority=  1] tag=MT                        inserted=644 skipped=0
  [priority=  1] tag=MS                        inserted=185 skipped=0
  [priority=  1] tag=MR                        inserted=189 skipped=0
  [priority=  1] tag=MQ                        inserted=287 skipped=0
  [priority=  1] tag=MP                        inserted=124 skipped=0
  [priority=  1] tag=MO                        inserted=908 skipped=0
  [priority=  1] tag=MN                        inserted=576 skipped=0
  [priority=  1] tag=MM                        inserted=815 skipped=0
  [priority=  1] tag=ML                        inserted=192 skipped=0
  [priority=  1] tag=MK                        inserted=472 skipped=0
  [priority=  1] tag=MH                        inserted=143 skipped=0
  [priority=  1] tag=MG                        inserted=266 skipped=0
  [priority=  1] tag=MF                        inserted=164 skipped=0
  [priority=  1] tag=ME                        inserted=326 skipped=0
  [priority=  1] tag=MD                        inserted=1967 skipped=0
  [priority=  1] tag=MC                        inserted=372 skipped=0
  [priority=  1] tag=MA                        inserted=705 skipped=0
  [priority=  1] tag=LY                        inserted=282 skipped=0
  [priority=  1] tag=LV                        inserted=2110 skipped=0
  [priority=  1] tag=LU                        inserted=2514 skipped=0
  [priority=  1] tag=LT                        inserted=5646 skipped=0
  [priority=  1] tag=LS                        inserted=177 skipped=0
  [priority=  1] tag=LR                        inserted=232 skipped=0
  [priority=  1] tag=LK                        inserted=2163 skipped=0
  [priority=  1] tag=LI                        inserted=541 skipped=0
  [priority=  1] tag=LC                        inserted=198 skipped=0
  [priority=  1] tag=LB                        inserted=711 skipped=0
  [priority=  1] tag=LA                        inserted=461 skipped=0
  [priority=  1] tag=KZ                        inserted=2539 skipped=0
  [priority=  1] tag=KY                        inserted=282 skipped=0
  [priority=  1] tag=KW                        inserted=1161 skipped=0
  [priority=  1] tag=KR                        inserted=5921 skipped=0
  [priority=  1] tag=KP                        inserted=715 skipped=0
  [priority=  1] tag=KN                        inserted=236 skipped=0
  [priority=  1] tag=KM                        inserted=159 skipped=0
  [priority=  1] tag=KI                        inserted=217 skipped=0
  [priority=  1] tag=KH                        inserted=928 skipped=0
  [priority=  1] tag=KG                        inserted=501 skipped=0
  [priority=  1] tag=KE                        inserted=1648 skipped=0
  [priority=  1] tag=JP                        inserted=50223 skipped=0
  [priority=  1] tag=JO                        inserted=692 skipped=0
  [priority=  1] tag=JM                        inserted=411 skipped=0
  [priority=  1] tag=JE                        inserted=346 skipped=0
  [priority=  1] tag=IT                        inserted=15339 skipped=0
  [priority=  1] tag=IS                        inserted=952 skipped=0
  [priority=  1] tag=IR                        inserted=2948 skipped=0
  [priority=  1] tag=IQ                        inserted=1813 skipped=0
  [priority=  1] tag=IO                        inserted=125 skipped=0
  [priority=  1] tag=IN                        inserted=23570 skipped=0
  [priority=  1] tag=IM                        inserted=452 skipped=0
  [priority=  1] tag=IL                        inserted=4847 skipped=0
  [priority=  1] tag=IE                        inserted=10929 skipped=0
  [priority=  1] tag=ID                        inserted=11527 skipped=0
  [priority=  1] tag=HU                        inserted=3137 skipped=0
  [priority=  1] tag=HT                        inserted=244 skipped=0
  [priority=  1] tag=HR                        inserted=1316 skipped=0
  [priority=  1] tag=HN                        inserted=761 skipped=0
  [priority=  1] tag=HM                        inserted=48 skipped=0
  [priority=  1] tag=HK                        inserted=37011 skipped=0
  [priority=  1] tag=GY                        inserted=185 skipped=0
  [priority=  1] tag=GW                        inserted=156 skipped=0
  [priority=  1] tag=GU                        inserted=381 skipped=0
  [priority=  1] tag=GT                        inserted=985 skipped=0
  [priority=  1] tag=GS                        inserted=65 skipped=0
  [priority=  1] tag=GR                        inserted=2914 skipped=0
  [priority=  1] tag=GQ                        inserted=152 skipped=0
  [priority=  1] tag=GP                        inserted=341 skipped=0
  [priority=  1] tag=GN                        inserted=198 skipped=0
  [priority=  1] tag=GM                        inserted=193 skipped=0
  [priority=  1] tag=GL                        inserted=282 skipped=0
  [priority=  1] tag=GI                        inserted=266 skipped=0
  [priority=  1] tag=GH                        inserted=676 skipped=0
  [priority=  1] tag=GG                        inserted=211 skipped=0
  [priority=  1] tag=GF                        inserted=227 skipped=0
  [priority=  1] tag=GE                        inserted=952 skipped=0
  [priority=  1] tag=GD                        inserted=219 skipped=0
  [priority=  1] tag=GB                        inserted=74359 skipped=0
  [priority=  1] tag=GA                        inserted=224 skipped=0
  [priority=  1] tag=FR                        inserted=42640 skipped=0
  [priority=  1] tag=FO                        inserted=134 skipped=0
  [priority=  1] tag=FM                        inserted=180 skipped=0
  [priority=  1] tag=FK                        inserted=130 skipped=0
  [priority=  1] tag=FJ                        inserted=247 skipped=0
  [priority=  1] tag=FI                        inserted=26663 skipped=0
  [priority=  1] tag=ET                        inserted=220 skipped=0
  [priority=  1] tag=ES                        inserted=18773 skipped=0
  [priority=  1] tag=ER                        inserted=149 skipped=0
  [priority=  1] tag=EH                        inserted=60 skipped=0
  [priority=  1] tag=EG                        inserted=1224 skipped=0
  [priority=  1] tag=EE                        inserted=2402 skipped=0
  [priority=  1] tag=EC                        inserted=1681 skipped=0
  [priority=  1] tag=DZ                        inserted=481 skipped=0
  [priority=  1] tag=DO                        inserted=1425 skipped=0
  [priority=  1] tag=DM                        inserted=204 skipped=0
  [priority=  1] tag=DK                        inserted=5489 skipped=0
  [priority=  1] tag=DJ                        inserted=301 skipped=0
  [priority=  1] tag=DE                        inserted=74884 skipped=0
  [priority=  1] tag=CZ                        inserted=6669 skipped=0
  [priority=  1] tag=CY                        inserted=1914 skipped=0
  [priority=  1] tag=CX                        inserted=90 skipped=0
  [priority=  1] tag=CW                        inserted=269 skipped=0
  [priority=  1] tag=CV                        inserted=246 skipped=0
  [priority=  1] tag=CU                        inserted=219 skipped=0
  [priority=  1] tag=CR                        inserted=1089 skipped=0
  [priority=  1] tag=CO                        inserted=5046 skipped=0
  [priority=  1] tag=CM                        inserted=373 skipped=0
  [priority=  1] tag=CL                        inserted=10918 skipped=0
  [priority=  1] tag=CK                        inserted=134 skipped=0
  [priority=  1] tag=CI                        inserted=548 skipped=0
  [priority=  1] tag=CH                        inserted=57890 skipped=0
  [priority=  1] tag=CG                        inserted=228 skipped=0
  [priority=  1] tag=CF                        inserted=160 skipped=0
  [priority=  1] tag=CD                        inserted=458 skipped=0
  [priority=  1] tag=CC                        inserted=62 skipped=0
  [priority=  1] tag=CA                        inserted=55252 skipped=0
  [priority=  1] tag=BZ                        inserted=473 skipped=0
  [priority=  1] tag=BY                        inserted=815 skipped=0
  [priority=  1] tag=BW                        inserted=290 skipped=0
  [priority=  1] tag=BV                        inserted=56 skipped=0
  [priority=  1] tag=BT                        inserted=303 skipped=0
  [priority=  1] tag=BS                        inserted=366 skipped=0
  [priority=  1] tag=BR                        inserted=26340 skipped=0
  [priority=  1] tag=BQ                        inserted=123 skipped=0
  [priority=  1] tag=BO                        inserted=668 skipped=0
  [priority=  1] tag=BN                        inserted=242 skipped=0
  [priority=  1] tag=BM                        inserted=428 skipped=0
  [priority=  1] tag=BL                        inserted=123 skipped=0
  [priority=  1] tag=BJ                        inserted=205 skipped=0
  [priority=  1] tag=BI                        inserted=166 skipped=0
  [priority=  1] tag=BH                        inserted=589 skipped=0
  [priority=  1] tag=BG                        inserted=3741 skipped=0
  [priority=  1] tag=BF                        inserted=278 skipped=0
  [priority=  1] tag=BE                        inserted=81818 skipped=0
  [priority=  1] tag=BD                        inserted=5025 skipped=0
  [priority=  1] tag=BB                        inserted=328 skipped=0
  [priority=  1] tag=BA                        inserted=571 skipped=0
  [priority=  1] tag=AZ                        inserted=810 skipped=0
  [priority=  1] tag=AX                        inserted=198 skipped=0
  [priority=  1] tag=AW                        inserted=175 skipped=0
  [priority=  1] tag=AU                        inserted=83584 skipped=0
  [priority=  1] tag=AT                        inserted=8183 skipped=0
  [priority=  1] tag=AS                        inserted=483 skipped=0
  [priority=  1] tag=AR                        inserted=6468 skipped=0
  [priority=  1] tag=AQ                        inserted=1069 skipped=0
  [priority=  1] tag=AO                        inserted=625 skipped=0
  [priority=  1] tag=AM                        inserted=904 skipped=0
  [priority=  1] tag=AL                        inserted=1763 skipped=0
  [priority=  1] tag=AI                        inserted=181 skipped=0
  [priority=  1] tag=AG                        inserted=329 skipped=0
  [priority=  1] tag=AF                        inserted=857 skipped=0
  [priority=  1] tag=AE                        inserted=6690 skipped=0
  [priority= 70] tag=FASTLY                    inserted=90 skipped=0
  [priority= 75] tag=CLOUDFLARE                inserted=733 skipped=0
  [priority= 76] tag=CLOUDFRONT                inserted=211 skipped=0
  [priority= 80] tag=TELEGRAM                  inserted=12 skipped=0
  [priority= 90] tag=RE-FILTER                 inserted=24961 skipped=0
  [priority=100] tag=RU-WHITELIST              inserted=30222 skipped=0
done → ./output/geoip-country.mmdb
---
mmdb size: 10396642 bytes
Build finished: 2026-10-01 18:12:18 UTC
